[www.ganeshthread.com/index.html]
[backblue.gif]
[fade.gif]
[index.html]
[www.ganeshthread.com/images/feviacon.png]
[www.ganeshthread.com/css/bootstrap.min.css]
[www.ganeshthread.com/css/animate.css]
[www.ganeshthread.com/css/font-awesome.css]
[www.ganeshthread.com/css/flaticon.css]
[www.ganeshthread.com/css/themify-icons.css]
[www.ganeshthread.com/css/slick.css]
[www.ganeshthread.com/css/prettyPhoto.css]
[www.ganeshthread.com/css/shortcodes.css]
[www.ganeshthread.com/css/main.css]
[www.ganeshthread.com/css/megamenu.css]
[www.ganeshthread.com/css/responsive.css]
[www.ganeshthread.com/css/font-awesome.min.css]
[stackpath.bootstrapcdn.com/font-awesome/4.7.0/css/font-awesome.min.css]
[www.ganeshthread.com/images/whatsapp.png]
[www.ganeshthread.com/images/brochure/ganesh-jari-covering-broucher.pdf]
[www.ganeshthread.com/pay.html]
[www.ganeshthread.com/index-2.html]
[www.ganeshthread.com/images/logo.png]
[www.ganeshthread.com/company-profile.html]
[www.ganeshthread.com/commitment-achievment.html]
[www.ganeshthread.com/flora-zari.html]
[www.ganeshthread.com/polyester-yarn.html]
[www.ganeshthread.com/cotton-yarn.html]
[www.ganeshthread.com/metallic-film.html]
[www.ganeshthread.com/viscose-yarn.html]
[www.ganeshthread.com/embroidery-thread.html]
[www.ganeshthread.com/photo-gallery.html]
[www.ganeshthread.com/videos.html]
[www.ganeshthread.com/exhibition.html]
[www.ganeshthread.com/blog.html]
[www.ganeshthread.com/dealer-network.html]
[www.ganeshthread.com/inquiry.html]
[www.ganeshthread.com/contact-us.html]
[www.ganeshthread.com/images/banner/slider-1.jpg]
[www.ganeshthread.com/images/banner/slider-2.jpg]
[www.ganeshthread.com/images/banner/slider-3.jpg]
[www.ganeshthread.com/images/banner/slider-4.jpg]
[www.ganeshthread.com/images/single-img-03.png]
[www.ganeshthread.com/images/Badla-Zari.jpg]
[www.ganeshthread.com/images/polyester-yarn.jpg]
[www.ganeshthread.com/images/metallic-film.jpg]
[www.ganeshthread.com/images/viscose-yarn.jpg]
[www.ganeshthread.com/images/thread.jpg]
[www.ganeshthread.com/images/col-bgimage-2.jpg]
[www.ganeshthread.com/images/no-user.jpg]
[www.ganeshthread.com/images/blog-1.jpg]
[www.ganeshthread.com/images/blog-2.jpg]
[www.ganeshthread.com/images/blog-3.jpg]
[www.ganeshthread.com/js/jquery.js]
[www.ganeshthread.com/js/wow.js]
[www.ganeshthread.com/js/script.js]
[www.ganeshthread.com/js/bootstrap.min.js]
[www.ganeshthread.com/js/appear.js]
[www.ganeshthread.com/js/jquery-3.6.0.min.js]
[www.ganeshthread.com/js/jquery-migrate-3.3.2.min.js]
[www.ganeshthread.com/js/jquery.easing.js]
[www.ganeshthread.com/js/scrollbar.js]
[www.ganeshthread.com/js/jquery-waypoints.js]
[www.ganeshthread.com/js/jquery-validate.js]
[www.ganeshthread.com/js/jquery.prettyPhoto.js]
[www.ganeshthread.com/js/slick.min.js]
[www.ganeshthread.com/js/numinate.min.js]
[www.ganeshthread.com/js/imagesloaded.min.js]
[www.ganeshthread.com/js/jquery-isotope.js]
[www.ganeshthread.com/js/main.js]
[www.ganeshthread.com/index.html]
[www.ganeshthread.com/css/bootstrap.min.css]
[www.ganeshthread.com/css/animate.css]
[www.ganeshthread.com/fonts/fontawesome-webfont5b62.eot]
[www.ganeshthread.com/fonts/fontawesome-webfont5b62.woff2]
[www.ganeshthread.com/fonts/fontawesome-webfontd41d.eot]
[www.ganeshthread.com/fonts/fontawesome-webfont5b62.woff]
[www.ganeshthread.com/fonts/fontawesome-webfont5b62.ttf]
[www.ganeshthread.com/css/font-awesome.css]
[www.ganeshthread.com/fonts/Flaticon.eot]
[www.ganeshthread.com/fonts/fontawesome-webfont5b62.svg]
[www.ganeshthread.com/fonts/Flaticond41d.eot]
[www.ganeshthread.com/fonts/Flaticon.woff2]
[www.ganeshthread.com/fonts/Flaticon.woff]
[www.ganeshthread.com/fonts/Flaticon.ttf]
[www.ganeshthread.com/css/flaticon.css]
[www.ganeshthread.com/fonts/Flaticon.svg]
[www.ganeshthread.com/fonts/themify9f24.eot]
[www.ganeshthread.com/fonts/themifyd41d.eot]
[www.ganeshthread.com/fonts/themify9f24.woff]
[www.ganeshthread.com/fonts/themify9f24.ttf]
[www.ganeshthread.com/css/themify-icons.css]
[www.ganeshthread.com/css/slick.css]
[www.ganeshthread.com/images/sprite.png]
[www.ganeshthread.com/fonts/themify9f24.svg]
[www.ganeshthread.com/images/sprite_x.png]
[www.ganeshthread.com/images/sprite_y.png]
[www.ganeshthread.com/css/prettyPhoto.css]
[www.ganeshthread.com/images/row-bgimage-1.png]
[www.ganeshthread.com/images/col-bgimage-1.jpg]
[www.ganeshthread.com/css/shortcodes.css]
[www.ganeshthread.com/images/col-bgimage-2--.jpg]
[www.ganeshthread.com/css/main.css]
[www.ganeshthread.com/css/megamenu.css]
[www.ganeshthread.com/css/responsive.css]
[www.ganeshthread.com/fonts/fontawesome-webfont3e6e.eot]
[www.ganeshthread.com/fonts/fontawesome-webfont3e6e.woff2]
[www.ganeshthread.com/fonts/fontawesome-webfont3e6e.woff]
[www.ganeshthread.com/fonts/fontawesome-webfont3e6e.ttf]
[www.ganeshthread.com/css/font-awesome.min.css]
[stackpath.bootstrapcdn.com/font-awesome/4.7.0/css/font-awesome.min.css]
[www.ganeshthread.com/fonts/fontawesome-webfont3e6e.svg]
[www.ganeshthread.com/css/carousel-lightbox.css]
[www.ganeshthread.com/css/lightgallery.css]
[ajax.googleapis.com/ajax/libs/jquery/1.11.2/jquery.min.js]
[www.ganeshthread.com/js/lightgallery-all.min.js]
[www.ganeshthread.com/images/pay-qr.jpg]
[www.ganeshthread.com/pay.html]
[www.ganeshthread.com/index-2.html]
[www.ganeshthread.com/images/about-inner.jpg]
[www.ganeshthread.com/images/Jignesh-Kunjadiya.jpg]
[www.ganeshthread.com/images/Hemin-Kunjadiya.jpg]
[www.ganeshthread.com/images/team.jpg]
[www.ganeshthread.com/images/tick.png]
[www.ganeshthread.com/company-profile.html]
[www.ganeshthread.com/images/certificate/1.jpg]
[www.ganeshthread.com/images/certificate/2.jpg]
[www.ganeshthread.com/images/certificate/3.jpg]
[www.ganeshthread.com/images/certificate/4.jpg]
[www.ganeshthread.com/images/certificate/5.jpg]
[www.ganeshthread.com/images/certificate/7.jpg]
[www.ganeshthread.com/images/certificate/8.jpg]
[www.ganeshthread.com/images/certificate/qms.pdf]
[www.ganeshthread.com/images/certificate/qms.jpg]
[www.ganeshthread.com/images/certificate/np-1.jpg]
[www.ganeshthread.com/commitment-achievment.html]
[www.ganeshthread.com/images/products/zari-kasab/flora-jari-250-gm.jpg]
[www.ganeshthread.com/images/products/zari-kasab/flora-zari-100-gm.jpg]
[www.ganeshthread.com/images/products/zari-kasab/flora-zari-200-gm.jpg]
[www.ganeshthread.com/images/products/zari-kasab/flora-zari-500gm.jpg]
[www.ganeshthread.com/images/products/zari-kasab/embrodary-zari.jpg]
[www.ganeshthread.com/images/products/zari-kasab/imitation-zari.jpg]
[www.ganeshthread.com/images/products/zari-kasab/naylone-zari.jpg]
[www.ganeshthread.com/images/products/zari-kasab/badla-zari.jpg]
[www.ganeshthread.com/flora-zari.html]
[www.ganeshthread.com/images/products/polyester/polyester-weaving-yarn/110D-polyester-lichi-yarn.jpg]
[www.ganeshthread.com/images/products/polyester/polyester-weaving-yarn/110D-catonic-lchi-yarn.jpg]
[www.ganeshthread.com/images/products/polyester/polyester-weaving-yarn/150D-polyester-yarn.jpg]
[www.ganeshthread.com/images/products/polyester/polyester-weaving-yarn/150d-catonic-lichi-yarn.jpg]
[www.ganeshthread.com/images/products/polyester/polyester-weaving-yarn/200D-polyester-yarn.jpg]
[www.ganeshthread.com/images/products/polyester/polyester-weaving-yarn/all-danier-dyed-polyester-yarn.jpg]
[www.ganeshthread.com/images/products/polyester/kota-yarn/30d-sd-polyester-kota-yarn.jpg]
[www.ganeshthread.com/images/products/polyester/kota-yarn/30d-black-polyester-kota-yarn.jpg]
[www.ganeshthread.com/images/products/polyester/kota-yarn/30d-dyed-polyster--kota-yarn.jpg]
[www.ganeshthread.com/images/products/polyester/kota-yarn/60d-sd-polyester-kota-yarn.jpg]
[www.ganeshthread.com/images/products/polyester/kota-yarn/60d-black-polyester-kota-yarn.jpg]
[www.ganeshthread.com/images/products/polyester/kota-yarn/60d-dyed-polyster.jpg]
[www.ganeshthread.com/images/products/polyester/kota-yarn/90d-polyester.jpg]
[www.ganeshthread.com/images/products/polyester/polyester-texurise Yarn/30rw-sd-polyester.jpg]
[www.ganeshthread.com/images/products/polyester/polyester-texurise Yarn/30d-black.jpg]
[www.ganeshthread.com/images/products/polyester/polyester-texurise Yarn/30d-dyed.jpg]
[www.ganeshthread.com/images/products/polyester/polyester-texurise Yarn/30d-nylon.jpg]
[www.ganeshthread.com/images/products/polyester/acy-yarn/220-polyester.jpg]
[www.ganeshthread.com/images/products/polyester/acy-yarn/330-polyester.jpg]
[www.ganeshthread.com/images/products/polyester/acy-yarn/140-polyester.jpg]
[www.ganeshthread.com/images/products/polyester/acy-yarn/120-polyeste.jpg]
[www.ganeshthread.com/images/products/polyester/acy-yarn/90-polyester.jpg]
[www.ganeshthread.com/images/products/polyester/acy-yarn/nylon.jpg]
[www.ganeshthread.com/images/products/polyester/75d-polyester-yarn/polyester-dope.jpg]
[www.ganeshthread.com/images/products/polyester/75d-polyester-yarn/75-d-polyester-yarn.jpg]
[www.ganeshthread.com/images/products/polyester/spun-polyester-yarn/spun-polyester-yarn.jpg]
[www.ganeshthread.com/images/products/polyester/spun-polyester-yarn/spun-polyester-yarn-2-40.jpg]
[www.ganeshthread.com/images/products/polyester/spun-polyester-yarn/spun-polyester-yarn-2-50.jpg]
[www.ganeshthread.com/polyester-yarn.html]
[www.ganeshthread.com/images/products/cotton-yarn/0.jpg]
[www.ganeshthread.com/images/products/cotton-yarn/1.jpg]
[www.ganeshthread.com/images/products/cotton-yarn/2.jpg]
[www.ganeshthread.com/images/products/cotton-yarn/3.jpg]
[www.ganeshthread.com/images/products/cotton-yarn/4.jpg]
[www.ganeshthread.com/images/products/cotton-yarn/5.jpg]
[www.ganeshthread.com/images/products/cotton-yarn/6.jpg]
[www.ganeshthread.com/images/products/cotton-yarn/7.jpg]
[www.ganeshthread.com/cotton-yarn.html]
[www.ganeshthread.com/images/metalic-machine.jpg]
[www.ganeshthread.com/images/products/mettalic/mettalic-roll.jpg]
[www.ganeshthread.com/images/products/mettalic/cutting-mettalic.jpg]
[www.ganeshthread.com/images/products/mettalic/lacquer-metalized-film.jpg]
[www.ganeshthread.com/images/products/mettalic/clear-film.jpg]
[www.ganeshthread.com/metallic-film.html]
[www.ganeshthread.com/images/products/viscose/100-viscose-con.jpg]
[www.ganeshthread.com/images/products/viscose/100-viscose-hank.jpg]
[www.ganeshthread.com/images/products/viscose/viscose-rayon.jpg]
[www.ganeshthread.com/viscose-yarn.html]
[www.ganeshthread.com/images/products/embroidery-yarn/polyster-thread.jpg]
[www.ganeshthread.com/images/products/embroidery-yarn/lichi-ambroidery-thread.jpg]
[www.ganeshthread.com/images/products/embroidery-yarn/viscoss-embroidery-thread.jpg]
[www.ganeshthread.com/images/products/embroidery-yarn/cotton-embroidery-thread.jpg]
[www.ganeshthread.com/images/products/embroidery-yarn/jarman-embroidery-thread.jpg]
[www.ganeshthread.com/embroidery-thread.html]
[www.ganeshthread.com/images/gallery/1.jpg]
[www.ganeshthread.com/images/gallery/2.jpg]
[www.ganeshthread.com/images/gallery/3.jpg]
[www.ganeshthread.com/images/gallery/4.jpg]
[www.ganeshthread.com/images/gallery/14.jpg]
[www.ganeshthread.com/images/gallery/16.jpg]
[www.ganeshthread.com/images/gallery/6.jpg]
[www.ganeshthread.com/images/gallery/15.jpg]
[www.ganeshthread.com/images/gallery/5.jpg]
[www.ganeshthread.com/images/gallery/11.jpg]
[www.ganeshthread.com/images/gallery/7.jpg]
[www.ganeshthread.com/images/gallery/13.jpg]
[www.ganeshthread.com/images/gallery/17.jpg]
[www.ganeshthread.com/images/gallery/18.jpg]
[www.ganeshthread.com/images/gallery/19.jpg]
[www.ganeshthread.com/images/gallery/20.jpg]
[www.ganeshthread.com/images/gallery/21.jpg]
[www.ganeshthread.com/images/gallery/22.jpg]
[www.ganeshthread.com/photo-gallery.html]
[www.ganeshthread.com/css/jquery.fancybox.css]
[www.ganeshthread.com/images/video-poster/video-poster1.jpg]
[www.ganeshthread.com/images/video-poster/video-poster2.jpg]
[www.ganeshthread.com/images/video-poster/video-poster3.jpg]
[www.ganeshthread.com/images/video-poster/video-poster4.jpg]
[www.ganeshthread.com/images/video-poster/video-poster5.jpg]
[www.ganeshthread.com/images/video-poster/video-poster6.jpg]
[www.ganeshthread.com/images/video-poster/video-poster7.jpg]
[www.ganeshthread.com/images/video-poster/video-poster8.jpg]
[www.ganeshthread.com/images/video-poster/video-poster9.jpg]
[www.ganeshthread.com/images/video-poster/video-poster10.jpg]
[www.ganeshthread.com/images/video-poster/video-poster11.jpg]
[www.ganeshthread.com/images/video-poster/video-poster12.jpg]
[www.ganeshthread.com/videos.html]
[www.ganeshthread.com/js/jquery.fancybox.js]
[www.ganeshthread.com/bangladesh-exhibition.html]
[www.ganeshthread.com/images/exhibition/bangladesh-exibition/0.jpg]
[www.ganeshthread.com/surat-exhibition.html]
[www.ganeshthread.com/images/exhibition/surat-exibition/0.jpg]
[www.ganeshthread.com/exhibition.html]
[www.ganeshthread.com/blog.html]
[www.ganeshthread.com/css/map-animation.css]
[www.ganeshthread.com/css/map.css]
[www.ganeshthread.com/images/map.png]
[www.ganeshthread.com/images/mapicon.png]
[www.ganeshthread.com/images/india.png]
[www.ganeshthread.com/dealer-network.html]
[www.ganeshthread.com/inquiry.html]
[www.ganeshthread.com/contact-us.html]
[www.ganeshthread.com/blog-single.html]
[www.ganeshthread.com/js/popper.min.html]
[www.ganeshthread.com/fonts/fontawesome-webfont5b62.svg]
[www.ganeshthread.com/fonts/Flaticon.svg]
[www.ganeshthread.com/fonts/themify9f24.svg]
[www.ganeshthread.com/images/sprite_next.html]
[www.ganeshthread.com/images/sprite_prev.html]
[www.ganeshthread.com/images/default_thumb.html]
[www.ganeshthread.com/images/loader.html]
[www.ganeshthread.com/images/prettyPhoto/light_rounded/sprite.html]
[www.ganeshthread.com/images/prettyPhoto/light_rounded/btnNext.html]
[www.ganeshthread.com/images/prettyPhoto/light_rounded/btnPrevious.html]
[www.ganeshthread.com/images/prettyPhoto/light_rounded/loader.html]
[www.ganeshthread.com/images/prettyPhoto/dark_rounded/sprite.html]
[www.ganeshthread.com/images/prettyPhoto/dark_rounded/contentPattern.html]
[www.ganeshthread.com/images/prettyPhoto/dark_rounded/btnNext.html]
[www.ganeshthread.com/images/prettyPhoto/dark_rounded/btnPrevious.html]
[www.ganeshthread.com/images/prettyPhoto/dark_rounded/loader.html]
[www.ganeshthread.com/images/prettyPhoto/dark_square/loader.html]
[www.ganeshthread.com/images/prettyPhoto/dark_square/sprite.html]
[www.ganeshthread.com/images/prettyPhoto/dark_square/btnNext.html]
[www.ganeshthread.com/images/prettyPhoto/dark_square/btnPrevious.html]
[www.ganeshthread.com/images/prettyPhoto/light_square/sprite.html]
[www.ganeshthread.com/images/prettyPhoto/light_square/btnNext.html]
[www.ganeshthread.com/images/prettyPhoto/light_square/btnPrevious.html]
[www.ganeshthread.com/images/prettyPhoto/facebook/sprite.html]
[www.ganeshthread.com/images/prettyPhoto/facebook/contentPatternTop.html]
[www.ganeshthread.com/images/prettyPhoto/facebook/contentPatternLeft.html]
[www.ganeshthread.com/images/prettyPhoto/facebook/contentPatternRight.html]
[www.ganeshthread.com/images/prettyPhoto/facebook/loader.html]
[www.ganeshthread.com/images/prettyPhoto/facebook/btnNext.html]
[www.ganeshthread.com/images/prettyPhoto/facebook/btnPrevious.html]
[www.ganeshthread.com/images/prettyPhoto/facebook/contentPatternBottom.html]
[www.ganeshthread.com/images/prettyPhoto/facebook/default_thumbnail.html]
[www.ganeshthread.com/images/bg-image/row-bgimage-2.html]
[www.ganeshthread.com/images/bg-image/row-bgimage-3.html]
[www.ganeshthread.com/images/bg-image/row-bgimage-4.html]
[www.ganeshthread.com/images/bg-image/row-bgimage-5.html]
[www.ganeshthread.com/images/bg-image/col-bgimage-3.html]
[www.ganeshthread.com/images/bg-image/col-bgimage-4.html]
[www.ganeshthread.com/images/bg-image/col-bgimage-5.html]
[www.ganeshthread.com/images/bg-image/col-bgimage-6.html]
[www.ganeshthread.com/images/bg-image/col-bgimage-7.html]
[www.ganeshthread.com/images/bg-image/col-bgimage-8.html]
[www.ganeshthread.com/images/procedure-bg.html]
[www.ganeshthread.com/images/img-pattern-bg1.html]
[www.ganeshthread.com/images/image-arrow.html]
[www.ganeshthread.com/images/block-quote-single.html]
[www.ganeshthread.com/images/404-page-bg.html]
[www.ganeshthread.com/fonts/fontawesome-webfont3e6e.svg]
[www.ganeshthread.com/css/carousel-lightbox.css]
[www.ganeshthread.com/fonts/lgd641.eot]
[www.ganeshthread.com/fonts/lgd41d.eot]
[www.ganeshthread.com/fonts/lgd641.woff]
[www.ganeshthread.com/fonts/lgd641.ttf]
[www.ganeshthread.com/fonts/lgd641.svg]
[www.ganeshthread.com/css/lightgallery.css]
[www.ganeshthread.com/js/jquery.mousewheel.min.html]
[www.ganeshthread.com/index-3.html]
[www.ganeshthread.com/css/jquery.fancybox.css]
[www.ganeshthread.com/images/exhibition/bangladesh-exibition/1.jpg]
[www.ganeshthread.com/images/exhibition/bangladesh-exibition/3.jpg]
[www.ganeshthread.com/images/exhibition/bangladesh-exibition/4.jpg]
[www.ganeshthread.com/images/exhibition/bangladesh-exibition/5.jpg]
[www.ganeshthread.com/images/exhibition/bangladesh-exibition/6.jpg]
[www.ganeshthread.com/images/exhibition/bangladesh-exibition/7.jpg]
[www.ganeshthread.com/images/exhibition/bangladesh-exibition/9.jpg]
[www.ganeshthread.com/images/exhibition/bangladesh-exibition/2.jpg]
[www.ganeshthread.com/images/exhibition/bangladesh-exibition/8.jpg]
[www.ganeshthread.com/bangladesh-exhibition.html]
[www.ganeshthread.com/images/exhibition/surat-exibition/1.jpg]
[www.ganeshthread.com/images/exhibition/surat-exibition/2.jpg]
[www.ganeshthread.com/images/exhibition/surat-exibition/3.jpg]
[www.ganeshthread.com/images/exhibition/surat-exibition/4.jpg]
[www.ganeshthread.com/images/exhibition/surat-exibition/6.jpg]
[www.ganeshthread.com/images/exhibition/surat-exibition/9.jpg]
[www.ganeshthread.com/images/exhibition/surat-exibition/10.jpg]
[www.ganeshthread.com/images/exhibition/surat-exibition/12.jpg]
[www.ganeshthread.com/images/exhibition/surat-exibition/13.jpg]
[www.ganeshthread.com/images/exhibition/surat-exibition/14.jpg]
[www.ganeshthread.com/images/exhibition/surat-exibition/15.jpg]
[www.ganeshthread.com/images/exhibition/surat-exibition/16.jpg]
[www.ganeshthread.com/images/exhibition/surat-exibition/11.jpg]
[www.ganeshthread.com/surat-exhibition.html]
[www.ganeshthread.com/css/map.css]
[wp.xpeedstudio.com/blo/wp-content/uploads/2019/06/about_us_bg_img.12e.delayed]
[wp.xpeedstudio.com/blo/wp-content/uploads/2019/06/callbg.jpg]
[wp.xpeedstudio.com/blo/wp-content/uploads/2019/07/record.png]
[wp.xpeedstudio.com/blo/wp-content/uploads/2019/06/testibg.jpg]
[www.ganeshthread.com/css/map-animation.css]
[www.ganeshthread.com/fonts/lgd641.svg]
[www.ganeshthread.com/img/vimeo-play.html]
[www.ganeshthread.com/img/video-play.html]
[www.ganeshthread.com/img/youtube-play.html]
[www.ganeshthread.com/img/loading.html]
[www.ganeshthread.com/images/countdown-timer/countdown-timer-img-1.html]
[www.ganeshthread.com/images/countdown-timer/countdown-timer-img-2.html]
[www.ganeshthread.com/images/countdown-timer/countdown-timer-img-3.html]
[www.ganeshthread.com/images/countdown-timer/countdown-timer-img-4.html]
[www.ganeshthread.com/images/countdown-timer/circle-img-1.html]
[www.ganeshthread.com/images/countdown-timer/circle-img-2.html]
[www.ganeshthread.com/images/countdown-timer/circle-img-3.html]
[www.ganeshthread.com/images/countdown-timer/circle-img-4.html]
[www.ganeshthread.com/img/cross-out.html]
[www.ganeshthread.com/images/text-mask-image.html]
[www.ganeshthread.com/images/products/ribbon-background.html]
[wp.xpeedstudio.com/blo/wp-content/uploads/2019/06/about_us_bg_img.html]
[wp.xpeedstudio.com/blo/wp-content/uploads/2019/06/callbg.html]
[wp.xpeedstudio.com/blo/wp-content/uploads/2019/07/record.html]
[wp.xpeedstudio.com/blo/wp-content/uploads/2019/06/testibg.html]
